// Jest Snapshot v1, https://goo.gl/fbAQLP

exports[`<Card/> render Card with default props and create snapshot 1`] = `
<div>
  <div
    class="StyledCard__StyledNormalCard-sc-15ny05r-1 jCVood"
    elevation="1"
  />
</div>
`;
