// Jest Snapshot v1, https://goo.gl/fbAQLP

exports[`<Drawer/> should no be visible 1`] = `
<h1>
  Title
</h1>
`;
