// Jest Snapshot v1, https://goo.gl/fbAQLP

exports[`<GroupTab/> should change tab 1`] = `
<p
  class="StyledParagraph-sc-dbd4lw-0 efRFdO"
  color="#01579B"
>
  Dinner
</p>
`;
