// Jest Snapshot v1, https://goo.gl/fbAQLP

exports[`<ConfigProvider/> should create snapshot ConfigProvider 1`] = `
<div>
  <div>
    AAAAA
  </div>
</div>
`;

exports[`<ConfigProvider/> should create snapshot of ConfigContext 1`] = `
<div>
  <div>
    AAAAA
  </div>
</div>
`;
